23 EE FF
32 EE
32 EE
6
16 EE
26 EE
26 EE
26 EE
26 EE
18 EE
18 EE
24 EE
24 EE
0
32 FF
32 FF
16 FF
6
26 FF
26 FF
26 FF
26 FF
18 FF
18 FF
24 FF
24 FF
32 FF
0
18
26
26
26
26
26
26
24
24
18
18
32 FF
18
0
26
26
26
26
26
26
24
24
18
18
16 FF
26
26
0
10
20
20
20
20
12
12
18
18
6
26
26
10
0
20
20
20
20
12
12
18
18
26 FF
26
26
20
20
0
2
20
20
18
18
18
18
26 FF
26
26
20
20
2
0
20
20
18
18
18
18
26 FF
26
26
20
20
20
20
0
2
18
18
18
18
26 FF
26
26
20
20
20
20
2
0
18
18
18
18
