76 B C D E F G H I J K L M N O P Q R S T U
76 U T S R Q P O N M L K J I H G F E D C B
66
66
1
1
76
76
66
66
1
1
76
74
72
70
68
66
64
62
60
58
56
20
18
16
14
12
10
8
6
4
2
4
14 BB
18 BB CC
4
10
14 CC
14 BB
10
4
18 CC BB
14 CC
4
