0
198
99
99
89
174
198
0
99
99
109
24
99
99
0
198
70
95
99
99
198
0
128
103
89
109
70
128
0
85
174
24
95
103
85
0
