99 AAB AAC AAD AAE AAF AAG AAH AAI AAJ AAK AAL AAM AAN AAO AAP AAQ AAR AAS AAT AAU AAV AAW AAX AAY AAZ AA0 AA1 AA2 AA3 AA4 AA5 AA6 AA7 AA8 AA9 ABA ABB ABC ABD ABE ABF ABG ABH ABI ABJ ABK ABL ABM ABN ABO ABP ABQ ABR ABS ABT ABU ABV ABW ABX ABY ABZ AB0 AB1 AB2 AB3 AB4 AB5 AB6 AB7 AB8 AB9 ACA ACB ACC ACD ACE ACF ACG ACH ACI ACJ ACK ACL ACM ACN ACO ACP ACQ ACR ACS ACT ACU ACV ACW ACX ACY ACZ AC0
