1424 KRAKOW WAYPOINT5 WAYPOINT4 WAYPOINT3
210
2661 KRAKOW WAYPOINT5 WAYPOINT4 WAYPOINT3 WAYPOINT2 WAYPOINT
2451 WAYPOINT WAYPOINT2 WAYPOINT3 WAYPOINT4 WAYPOINT5
1237 WAYPOINT WAYPOINT2
